
> react-example@0.0.0 build
> vite build

vite v6.4.3 building for production...
transforming...
✓ 2756 modules transformed.
rendering chunks...
computing gzip size...
dist/index.html                     0.41 kB │ gzip:   0.27 kB
dist/assets/index-CdPtgJFF.css    123.33 kB │ gzip:  17.82 kB
dist/assets/index-C14DG3yR.js   2,447.87 kB │ gzip: 648.65 kB

(!) Some chunks are larger than 500 kB after minification. Consider:
- Using dynamic import() to code-split the application
- Use build.rollupOptions.output.manualChunks to improve chunking: https://rollupjs.org/configuration-options/#output-manualchunks
- Adjust chunk size limit for this warning via build.chunkSizeWarningLimit.
✓ built in 14.14s
